<?xml version="1.0" encoding="UTF-8"?>
<TestRun id="06768de5-e0ef-4684-a0c4-79a18f2a5ceb" name="roja.p@BG1WS0727 2021-10-25 15:37:37" runUser="SONATA\roja.p" xmlns="http://microsoft.com/schemas/VisualStudio/TeamTest/2010">
  <TestSettings name="Default Test Settings" id="48631ab1-aeb5-40c3-bf44-d37c7d9e323d">
    <Execution>
      <TestTypeSpecific />
      <AgentRule name="Execution Agents">
      </AgentRule>
    </Execution>
    <Deployment runDeploymentRoot="roja.p_BG1WS0727 2021-10-25 15_37_37" />
    <Properties />
  </TestSettings>
  <Times creation="2021-10-25T15:37:37.0494695+05:30" queuing="2021-10-25T15:37:37.4670883+05:30" start="2021-10-25T15:37:37.5139597+05:30" finish="2021-10-25T15:37:38.0154938+05:30" />
  <ResultSummary outcome="Warning">
    <Counters total="3" executed="3" passed="3" error="0" failed="0" timeout="0" aborted="0" inconclusive="0" passedButRunAborted="0" notRunnable="0" notExecuted="0" disconnected="0" warning="0" completed="0" inProgress="0" pending="0" />
    <RunInfos>
      <RunInfo computerName="BG1WS0727" outcome="Warning" timestamp="2021-10-25T15:37:37.2061597+05:30">
        <Text>Warning: Test Run deployment issue: The assembly or module 'WebGrease' directly or indirectly referenced by the test container 'd:\etg_trng\ects\employeecompetencytrackingsystem.tests\bin\debug\employeecompetencytrackingsystem.tests.dll' was not found.</Text>
      </RunInfo>
    </RunInfos>
  </ResultSummary>
  <TestDefinitions>
    <UnitTest name="TestDetailsByEid" storage="d:\etg_trng\ects\employeecompetencytrackingsystem.tests\bin\debug\employeecompetencytrackingsystem.tests.dll" id="8561aa37-2dee-afea-871e-36ba181e7259">
      <Execution id="e725113c-438f-45b1-ac18-ca32f2682be7" />
      <TestMethod codeBase="D:/ETG_trng/ECTS/EmployeeCompetencyTrackingSystem.Tests/bin/Debug/EmployeeCompetencyTrackingSystem.Tests.DLL" adapterTypeName="Microsoft.VisualStudio.TestTools.TestTypes.Unit.UnitTestAdapter, Microsoft.VisualStudio.QualityTools.Tips.UnitTest.Adapter, Version=16.0.0.0, Culture=neutral, PublicKeyToken=b03f5f7f11d50a3a" className="EmployeeCompetencyTrackingSystem.Tests.UnitTestEmployeeCompetencyController, EmployeeCompetencyTrackingSystem.Tests, Version=1.0.0.0, Culture=neutral, PublicKeyToken=null" name="TestDetailsByEid" />
    </UnitTest>
    <UnitTest name="TestDetailsByCid" storage="d:\etg_trng\ects\employeecompetencytrackingsystem.tests\bin\debug\employeecompetencytrackingsystem.tests.dll" id="9d66fd64-b022-73f3-d4b9-f3d3e5f1a455">
      <Execution id="05a27e7f-3786-4333-92f7-96a387dd583f" />
      <TestMethod codeBase="D:/ETG_trng/ECTS/EmployeeCompetencyTrackingSystem.Tests/bin/Debug/EmployeeCompetencyTrackingSystem.Tests.DLL" adapterTypeName="Microsoft.VisualStudio.TestTools.TestTypes.Unit.UnitTestAdapter, Microsoft.VisualStudio.QualityTools.Tips.UnitTest.Adapter, Version=16.0.0.0, Culture=neutral, PublicKeyToken=b03f5f7f11d50a3a" className="EmployeeCompetencyTrackingSystem.Tests.UnitTestEmployeeCompetencyController, EmployeeCompetencyTrackingSystem.Tests, Version=1.0.0.0, Culture=neutral, PublicKeyToken=null" name="TestDetailsByCid" />
    </UnitTest>
    <UnitTest name="TestIndex" storage="d:\etg_trng\ects\employeecompetencytrackingsystem.tests\bin\debug\employeecompetencytrackingsystem.tests.dll" id="fff4a892-763b-680a-a78f-9f7d89167823">
      <Execution id="be05a3ec-8897-4c65-96f7-50e818085c40" />
      <TestMethod codeBase="D:/ETG_trng/ECTS/EmployeeCompetencyTrackingSystem.Tests/bin/Debug/EmployeeCompetencyTrackingSystem.Tests.DLL" adapterTypeName="Microsoft.VisualStudio.TestTools.TestTypes.Unit.UnitTestAdapter, Microsoft.VisualStudio.QualityTools.Tips.UnitTest.Adapter, Version=16.0.0.0, Culture=neutral, PublicKeyToken=b03f5f7f11d50a3a" className="EmployeeCompetencyTrackingSystem.Tests.UnitTestEmployeeCompetencyController, EmployeeCompetencyTrackingSystem.Tests, Version=1.0.0.0, Culture=neutral, PublicKeyToken=null" name="TestIndex" />
    </UnitTest>
  </TestDefinitions>
  <TestLists>
    <TestList name="Results Not in a List" id="8c84fa94-04c1-424b-9868-57a2d4851a1d" />
    <TestList name="All Loaded Results" id="19431567-8539-422a-85d7-44ee4e166bda" />
  </TestLists>
  <TestEntries>
    <TestEntry testId="9d66fd64-b022-73f3-d4b9-f3d3e5f1a455" executionId="05a27e7f-3786-4333-92f7-96a387dd583f" testListId="8c84fa94-04c1-424b-9868-57a2d4851a1d" />
    <TestEntry testId="8561aa37-2dee-afea-871e-36ba181e7259" executionId="e725113c-438f-45b1-ac18-ca32f2682be7" testListId="8c84fa94-04c1-424b-9868-57a2d4851a1d" />
    <TestEntry testId="fff4a892-763b-680a-a78f-9f7d89167823" executionId="be05a3ec-8897-4c65-96f7-50e818085c40" testListId="8c84fa94-04c1-424b-9868-57a2d4851a1d" />
  </TestEntries>
  <Results>
    <UnitTestResult executionId="05a27e7f-3786-4333-92f7-96a387dd583f" testId="9d66fd64-b022-73f3-d4b9-f3d3e5f1a455" testName="TestDetailsByCid" computerName="BG1WS0727" duration="00:00:00.0441791" startTime="2021-10-25T15:37:37.5985728+05:30" endTime="2021-10-25T15:37:37.9308202+05:30" testType="13cdc9d9-ddb5-4fa4-a97d-d965ccfc6d4b" outcome="Passed" testListId="8c84fa94-04c1-424b-9868-57a2d4851a1d" relativeResultsDirectory="05a27e7f-3786-4333-92f7-96a387dd583f">
    </UnitTestResult>
    <UnitTestResult executionId="e725113c-438f-45b1-ac18-ca32f2682be7" testId="8561aa37-2dee-afea-871e-36ba181e7259" testName="TestDetailsByEid" computerName="BG1WS0727" duration="00:00:00.0003886" startTime="2021-10-25T15:37:37.9308202+05:30" endTime="2021-10-25T15:37:37.9308202+05:30" testType="13cdc9d9-ddb5-4fa4-a97d-d965ccfc6d4b" outcome="Passed" testListId="8c84fa94-04c1-424b-9868-57a2d4851a1d" relativeResultsDirectory="e725113c-438f-45b1-ac18-ca32f2682be7">
    </UnitTestResult>
    <UnitTestResult executionId="be05a3ec-8897-4c65-96f7-50e818085c40" testId="fff4a892-763b-680a-a78f-9f7d89167823" testName="TestIndex" computerName="BG1WS0727" duration="00:00:00.0001920" startTime="2021-10-25T15:37:37.9308202+05:30" endTime="2021-10-25T15:37:37.9308202+05:30" testType="13cdc9d9-ddb5-4fa4-a97d-d965ccfc6d4b" outcome="Passed" testListId="8c84fa94-04c1-424b-9868-57a2d4851a1d" relativeResultsDirectory="be05a3ec-8897-4c65-96f7-50e818085c40">
    </UnitTestResult>
  </Results>
</TestRun>